<html class="_theme-default">
<head>
    <meta charset="utf-8">
    <title>std::expected::~expected</title>
    
    <link rel="preload" href="../../assets/index.js" as="script" type="text/javascript" />

    <link rel="stylesheet" type="text/css" href="../../application.css" />
    <link rel="stylesheet" type="text/css" href="../../assets/index.css" />
</head>
<body>
    <div class="_app">
        <devdocs-navbar current="utility/expected/~expected" prefix="../../" listing-src="../../navbar.json"></devdocs-navbar>
        <div class="_container">
            <main class="_content">
                <div class="_page _cpp">    <h1 id="firstHeading" class="firstHeading">std::expected&lt;T,E&gt;::~expected</h1>            <table class="t-dcl-begin"> <tr class="t-dcl t-since-cxx23"> <td> <pre data-language="cpp">constexpr ~expected();</pre>
</td> <td class="t-dcl-nopad"> </td> <td> <span class="t-mark-rev t-since-cxx23">(since C++23)</span> </td> </tr>  </table> <p>Destroys the currently contained value. That is, if <a href="operator_bool" title="cpp/utility/expected/operator bool"><code>has_value()</code></a> is false, destroys the unexpected value; otherwise, if <code>T</code> is not (possibly cv-qualified) <code>void</code>, destroys the expected value.</p>
<p>This destructor is trivial if</p>
<ul>
<li> either <code>T</code> is (possibly cv-qualified) <code>void</code>, or <code><a href="http://en.cppreference.com/w/cpp/types/is_destructible"><span class="kw572">std::<span class="me2">is_trivially_destructible_v</span></span></a><span class="sy1">&lt;</span>T<span class="sy1">&gt;</span></code> is true, and </li>
<li> <code><a href="http://en.cppreference.com/w/cpp/types/is_destructible"><span class="kw572">std::<span class="me2">is_trivially_destructible_v</span></span></a><span class="sy1">&lt;</span>E<span class="sy1">&gt;</span></code> is true. </li>
</ul> <h3 id="Example"> Example</h3>            <div class="_attribution">
  <p class="_attribution-p">
    &copy; cppreference.com<br>Licensed under the Creative Commons Attribution-ShareAlike Unported License v3.0.<br>
    <a href="https://en.cppreference.com/w/cpp/utility/expected/%7Eexpected" class="_attribution-link">https://en.cppreference.com/w/cpp/utility/expected/%7Eexpected</a>
  </p>
</div>
</div>
            </main>
        </div>
    </div>
    <script type="text/javascript" src="../../assets/index.js"></script>
</body>

</html>